// Jest Snapshot v1, https://goo.gl/fbAQLP

exports[`expect to render cardList component 1`] = `
<div>
  <Card
    email="John@gmail.com"
    id={1}
    key="0"
    name="John"
  />
</div>
`;
